2026-08-16 12:07:51.318 | INFO     | __main__:run_operations:7 - Starting math operations
2026-08-16 12:07:51.318 | INFO     | __main__:run_operations:10 - Addition: 15
2026-08-16 12:07:51.318 | INFO     | __main__:run_operations:13 - Subtraction: 5
2026-08-16 12:07:51.318 | INFO     | __main__:run_operations:16 - Multiplication: 50
2026-08-16 12:07:51.318 | INFO     | __main__:run_operations:19 - Division: 2.0
2026-08-16 12:07:51.318 | INFO     | __main__:run_operations:21 - Math operations completed
2026-08-16 12:08:26.466 | INFO     | __main__:run_operations:7 - Starting math operations
2026-08-16 12:08:26.477 | INFO     | __main__:run_operations:10 - Addition: 15
2026-08-16 12:08:26.477 | INFO     | __main__:run_operations:13 - Subtraction: 5
2026-08-16 12:08:26.477 | INFO     | __main__:run_operations:16 - Multiplication: 50
2026-08-16 12:08:26.477 | INFO     | __main__:run_operations:19 - Division: 2.0
2026-08-16 12:08:26.477 | INFO     | __main__:run_operations:21 - Math operations completed
2026-08-16 12:08:38.204 | INFO     | __main__:run_operations:7 - Starting math operations
2026-08-16 12:08:38.204 | INFO     | __main__:run_operations:10 - Addition: 15
2026-08-16 12:08:38.204 | INFO     | __main__:run_operations:13 - Subtraction: 5
2026-08-16 12:08:38.204 | INFO     | __main__:run_operations:16 - Multiplication: 50
2026-08-16 12:08:38.205 | INFO     | __main__:run_operations:19 - Division: 2.0
2026-08-16 12:08:38.205 | INFO     | __main__:run_operations:21 - Math operations completed
2026-08-16 12:12:34.407 | INFO     | __main__:run_operations:7 - Starting math operations
2026-08-16 12:12:34.407 | INFO     | __main__:run_operations:10 - Addition: 15
2026-08-16 12:12:34.407 | INFO     | __main__:run_operations:13 - Subtraction: 5
2026-08-16 12:12:34.408 | INFO     | __main__:run_operations:16 - Multiplication: 50
2026-08-16 12:12:34.408 | INFO     | __main__:run_operations:19 - Division: 2.0
2026-08-16 12:12:34.408 | INFO     | __main__:run_operations:21 - Math operations completed
